// Jest Snapshot v1, https://goo.gl/fbAQLP

exports[`Dashboard click on clear dashboard 1`] = `
ReactWrapper {
  Symbol(enzyme.__renderer__): Object {
    "batchedUpdates": [Function],
    "getNode": [Function],
    "getWrappingComponentRenderer": [Function],
    "render": [Function],
    "simulateError": [Function],
    "simulateEvent": [Function],
    "unmount": [Function],
    "wrapInvoke": [Function],
  },
  Symbol(enzyme.__root__): [Circular],
  Symbol(enzyme.__node__): Object {
    "instance": null,
    "key": undefined,
    "nodeType": "function",
    "props": Object {},
    "ref": null,
    "rendered": Array [
      Object {
        "instance": <div
          class="col-2 bg-light card"
        >
          <div
            class="card-body"
          >
            <h5
              class="card-title"
            >
              Select File
            </h5>
            <h6
              class="card-subtitle mb-2 text-muted"
            >
              To show dataset on dashboard
            </h6>
            <div
              class="list-group"
            >
              <button
                class="btn btn-primary"
                type="button"
              >
                Clear Dashboard
              </button>
            </div>
          </div>
        </div>,
        "key": undefined,
        "nodeType": "host",
        "props": Object {
          "children": <div
            className="card-body"
          >
            <h5
              className="card-title"
            >
              Select File
            </h5>
            <h6
              className="card-subtitle mb-2 text-muted"
            >
              To show dataset on dashboard
            </h6>
            <div
              className="list-group"
            >
              <button
                className="btn btn-primary"
                onClick={[Function]}
                type="button"
              >
                Clear Dashboard
              </button>
            </div>
          </div>,
          "className": "col-2 bg-light card",
        },
        "ref": null,
        "rendered": Array [
          Object {
            "instance": <div
              class="card-body"
            >
              <h5
                class="card-title"
              >
                Select File
              </h5>
              <h6
                class="card-subtitle mb-2 text-muted"
              >
                To show dataset on dashboard
              </h6>
              <div
                class="list-group"
              >
                <button
                  class="btn btn-primary"
                  type="button"
                >
                  Clear Dashboard
                </button>
              </div>
            </div>,
            "key": undefined,
            "nodeType": "host",
            "props": Object {
              "children": Array [
                <h5
                  className="card-title"
                >
                  Select File
                </h5>,
                <h6
                  className="card-subtitle mb-2 text-muted"
                >
                  To show dataset on dashboard
                </h6>,
                <div
                  className="list-group"
                >
                  <button
                    className="btn btn-primary"
                    onClick={[Function]}
                    type="button"
                  >
                    Clear Dashboard
                  </button>
                </div>,
              ],
              "className": "card-body",
            },
            "ref": null,
            "rendered": Array [
              Object {
                "instance": <h5
                  class="card-title"
                >
                  Select File
                </h5>,
                "key": undefined,
                "nodeType": "host",
                "props": Object {
                  "children": "Select File",
                  "className": "card-title",
                },
                "ref": null,
                "rendered": Array [
                  "Select File",
                ],
                "type": "h5",
              },
              Object {
                "instance": <h6
                  class="card-subtitle mb-2 text-muted"
                >
                  To show dataset on dashboard
                </h6>,
                "key": undefined,
                "nodeType": "host",
                "props": Object {
                  "children": "To show dataset on dashboard",
                  "className": "card-subtitle mb-2 text-muted",
                },
                "ref": null,
                "rendered": Array [
                  "To show dataset on dashboard",
                ],
                "type": "h6",
              },
              Object {
                "instance": <div
                  class="list-group"
                >
                  <button
                    class="btn btn-primary"
                    type="button"
                  >
                    Clear Dashboard
                  </button>
                </div>,
                "key": undefined,
                "nodeType": "host",
                "props": Object {
                  "children": Array [
                    Array [],
                    <button
                      className="btn btn-primary"
                      onClick={[Function]}
                      type="button"
                    >
                      Clear Dashboard
                    </button>,
                  ],
                  "className": "list-group",
                },
                "ref": null,
                "rendered": Array [
                  null,
                  Object {
                    "instance": <button
                      class="btn btn-primary"
                      type="button"
                    >
                      Clear Dashboard
                    </button>,
                    "key": "clear-dashboard",
                    "nodeType": "host",
                    "props": Object {
                      "children": "Clear Dashboard",
                      "className": "btn btn-primary",
                      "onClick": [Function],
                      "type": "button",
                    },
                    "ref": null,
                    "rendered": Array [
                      "Clear Dashboard",
                    ],
                    "type": "button",
                  },
                ],
                "type": "div",
              },
            ],
            "type": "div",
          },
        ],
        "type": "div",
      },
      Object {
        "instance": <div
          class="col bg-light card"
        >
          <div
            class="card-body"
          >
            <h4
              class="card-title"
            >
              No data yet...
            </h4>
          </div>
        </div>,
        "key": undefined,
        "nodeType": "host",
        "props": Object {
          "children": <div
            className="card-body"
          >
            <h4
              className="card-title"
            >
              No data yet...
            </h4>
          </div>,
          "className": "col bg-light card",
        },
        "ref": null,
        "rendered": Array [
          Object {
            "instance": <div
              class="card-body"
            >
              <h4
                class="card-title"
              >
                No data yet...
              </h4>
            </div>,
            "key": undefined,
            "nodeType": "host",
            "props": Object {
              "children": Array [
                false,
                <h4
                  className="card-title"
                >
                  No data yet...
                </h4>,
              ],
              "className": "card-body",
            },
            "ref": null,
            "rendered": Array [
              Object {
                "instance": <h4
                  class="card-title"
                >
                  No data yet...
                </h4>,
                "key": undefined,
                "nodeType": "host",
                "props": Object {
                  "children": "No data yet...",
                  "className": "card-title",
                },
                "ref": null,
                "rendered": Array [
                  "No data yet...",
                ],
                "type": "h4",
              },
            ],
            "type": "div",
          },
        ],
        "type": "div",
      },
    ],
    "type": [Function],
  },
  Symbol(enzyme.__nodes__): Array [
    Object {
      "instance": null,
      "key": undefined,
      "nodeType": "function",
      "props": Object {},
      "ref": null,
      "rendered": Array [
        Object {
          "instance": <div
            class="col-2 bg-light card"
          >
            <div
              class="card-body"
            >
              <h5
                class="card-title"
              >
                Select File
              </h5>
              <h6
                class="card-subtitle mb-2 text-muted"
              >
                To show dataset on dashboard
              </h6>
              <div
                class="list-group"
              >
                <button
                  class="btn btn-primary"
                  type="button"
                >
                  Clear Dashboard
                </button>
              </div>
            </div>
          </div>,
          "key": undefined,
          "nodeType": "host",
          "props": Object {
            "children": <div
              className="card-body"
            >
              <h5
                className="card-title"
              >
                Select File
              </h5>
              <h6
                className="card-subtitle mb-2 text-muted"
              >
                To show dataset on dashboard
              </h6>
              <div
                className="list-group"
              >
                <button
                  className="btn btn-primary"
                  onClick={[Function]}
                  type="button"
                >
                  Clear Dashboard
                </button>
              </div>
            </div>,
            "className": "col-2 bg-light card",
          },
          "ref": null,
          "rendered": Array [
            Object {
              "instance": <div
                class="card-body"
              >
                <h5
                  class="card-title"
                >
                  Select File
                </h5>
                <h6
                  class="card-subtitle mb-2 text-muted"
                >
                  To show dataset on dashboard
                </h6>
                <div
                  class="list-group"
                >
                  <button
                    class="btn btn-primary"
                    type="button"
                  >
                    Clear Dashboard
                  </button>
                </div>
              </div>,
              "key": undefined,
              "nodeType": "host",
              "props": Object {
                "children": Array [
                  <h5
                    className="card-title"
                  >
                    Select File
                  </h5>,
                  <h6
                    className="card-subtitle mb-2 text-muted"
                  >
                    To show dataset on dashboard
                  </h6>,
                  <div
                    className="list-group"
                  >
                    <button
                      className="btn btn-primary"
                      onClick={[Function]}
                      type="button"
                    >
                      Clear Dashboard
                    </button>
                  </div>,
                ],
                "className": "card-body",
              },
              "ref": null,
              "rendered": Array [
                Object {
                  "instance": <h5
                    class="card-title"
                  >
                    Select File
                  </h5>,
                  "key": undefined,
                  "nodeType": "host",
                  "props": Object {
                    "children": "Select File",
                    "className": "card-title",
                  },
                  "ref": null,
                  "rendered": Array [
                    "Select File",
                  ],
                  "type": "h5",
                },
                Object {
                  "instance": <h6
                    class="card-subtitle mb-2 text-muted"
                  >
                    To show dataset on dashboard
                  </h6>,
                  "key": undefined,
                  "nodeType": "host",
                  "props": Object {
                    "children": "To show dataset on dashboard",
                    "className": "card-subtitle mb-2 text-muted",
                  },
                  "ref": null,
                  "rendered": Array [
                    "To show dataset on dashboard",
                  ],
                  "type": "h6",
                },
                Object {
                  "instance": <div
                    class="list-group"
                  >
                    <button
                      class="btn btn-primary"
                      type="button"
                    >
                      Clear Dashboard
                    </button>
                  </div>,
                  "key": undefined,
                  "nodeType": "host",
                  "props": Object {
                    "children": Array [
                      Array [],
                      <button
                        className="btn btn-primary"
                        onClick={[Function]}
                        type="button"
                      >
                        Clear Dashboard
                      </button>,
                    ],
                    "className": "list-group",
                  },
                  "ref": null,
                  "rendered": Array [
                    null,
                    Object {
                      "instance": <button
                        class="btn btn-primary"
                        type="button"
                      >
                        Clear Dashboard
                      </button>,
                      "key": "clear-dashboard",
                      "nodeType": "host",
                      "props": Object {
                        "children": "Clear Dashboard",
                        "className": "btn btn-primary",
                        "onClick": [Function],
                        "type": "button",
                      },
                      "ref": null,
                      "rendered": Array [
                        "Clear Dashboard",
                      ],
                      "type": "button",
                    },
                  ],
                  "type": "div",
                },
              ],
              "type": "div",
            },
          ],
          "type": "div",
        },
        Object {
          "instance": <div
            class="col bg-light card"
          >
            <div
              class="card-body"
            >
              <h4
                class="card-title"
              >
                No data yet...
              </h4>
            </div>
          </div>,
          "key": undefined,
          "nodeType": "host",
          "props": Object {
            "children": <div
              className="card-body"
            >
              <h4
                className="card-title"
              >
                No data yet...
              </h4>
            </div>,
            "className": "col bg-light card",
          },
          "ref": null,
          "rendered": Array [
            Object {
              "instance": <div
                class="card-body"
              >
                <h4
                  class="card-title"
                >
                  No data yet...
                </h4>
              </div>,
              "key": undefined,
              "nodeType": "host",
              "props": Object {
                "children": Array [
                  false,
                  <h4
                    className="card-title"
                  >
                    No data yet...
                  </h4>,
                ],
                "className": "card-body",
              },
              "ref": null,
              "rendered": Array [
                Object {
                  "instance": <h4
                    class="card-title"
                  >
                    No data yet...
                  </h4>,
                  "key": undefined,
                  "nodeType": "host",
                  "props": Object {
                    "children": "No data yet...",
                    "className": "card-title",
                  },
                  "ref": null,
                  "rendered": Array [
                    "No data yet...",
                  ],
                  "type": "h4",
                },
              ],
              "type": "div",
            },
          ],
          "type": "div",
        },
      ],
      "type": [Function],
    },
  ],
  Symbol(enzyme.__options__): Object {
    "adapter": ReactSixteenAdapter {
      "options": Object {
        "enableComponentDidUpdateOnSetState": true,
        "legacyContextMode": "parent",
        "lifecycles": Object {
          "componentDidUpdate": Object {
            "onSetState": true,
          },
          "getChildContext": Object {
            "calledByRenderer": false,
          },
          "getDerivedStateFromError": true,
          "getDerivedStateFromProps": Object {
            "hasShouldComponentUpdateBug": false,
          },
          "getSnapshotBeforeUpdate": true,
          "setState": Object {
            "skipsComponentDidUpdateOnNullish": true,
          },
        },
      },
    },
  },
  Symbol(enzyme.__linkedRoots__): Array [],
  Symbol(enzyme.__unrendered__): <Dashboard />,
  Symbol(enzyme.__updatedBy__): null,
}
`;

exports[`Dashboard click on first file name 1`] = `
ReactWrapper {
  Symbol(enzyme.__renderer__): Object {
    "batchedUpdates": [Function],
    "getNode": [Function],
    "getWrappingComponentRenderer": [Function],
    "render": [Function],
    "simulateError": [Function],
    "simulateEvent": [Function],
    "unmount": [Function],
    "wrapInvoke": [Function],
  },
  Symbol(enzyme.__root__): [Circular],
  Symbol(enzyme.__node__): Object {
    "instance": null,
    "key": undefined,
    "nodeType": "function",
    "props": Object {},
    "ref": null,
    "rendered": Array [
      Object {
        "instance": <div
          class="col-2 bg-light card"
        >
          <div
            class="card-body"
          >
            <h5
              class="card-title"
            >
              Select File
            </h5>
            <h6
              class="card-subtitle mb-2 text-muted"
            >
              To show dataset on dashboard
            </h6>
            <div
              class="list-group"
            >
              <button
                class="btn btn-primary"
                type="button"
              >
                Clear Dashboard
              </button>
            </div>
          </div>
        </div>,
        "key": undefined,
        "nodeType": "host",
        "props": Object {
          "children": <div
            className="card-body"
          >
            <h5
              className="card-title"
            >
              Select File
            </h5>
            <h6
              className="card-subtitle mb-2 text-muted"
            >
              To show dataset on dashboard
            </h6>
            <div
              className="list-group"
            >
              <button
                className="btn btn-primary"
                onClick={[Function]}
                type="button"
              >
                Clear Dashboard
              </button>
            </div>
          </div>,
          "className": "col-2 bg-light card",
        },
        "ref": null,
        "rendered": Array [
          Object {
            "instance": <div
              class="card-body"
            >
              <h5
                class="card-title"
              >
                Select File
              </h5>
              <h6
                class="card-subtitle mb-2 text-muted"
              >
                To show dataset on dashboard
              </h6>
              <div
                class="list-group"
              >
                <button
                  class="btn btn-primary"
                  type="button"
                >
                  Clear Dashboard
                </button>
              </div>
            </div>,
            "key": undefined,
            "nodeType": "host",
            "props": Object {
              "children": Array [
                <h5
                  className="card-title"
                >
                  Select File
                </h5>,
                <h6
                  className="card-subtitle mb-2 text-muted"
                >
                  To show dataset on dashboard
                </h6>,
                <div
                  className="list-group"
                >
                  <button
                    className="btn btn-primary"
                    onClick={[Function]}
                    type="button"
                  >
                    Clear Dashboard
                  </button>
                </div>,
              ],
              "className": "card-body",
            },
            "ref": null,
            "rendered": Array [
              Object {
                "instance": <h5
                  class="card-title"
                >
                  Select File
                </h5>,
                "key": undefined,
                "nodeType": "host",
                "props": Object {
                  "children": "Select File",
                  "className": "card-title",
                },
                "ref": null,
                "rendered": Array [
                  "Select File",
                ],
                "type": "h5",
              },
              Object {
                "instance": <h6
                  class="card-subtitle mb-2 text-muted"
                >
                  To show dataset on dashboard
                </h6>,
                "key": undefined,
                "nodeType": "host",
                "props": Object {
                  "children": "To show dataset on dashboard",
                  "className": "card-subtitle mb-2 text-muted",
                },
                "ref": null,
                "rendered": Array [
                  "To show dataset on dashboard",
                ],
                "type": "h6",
              },
              Object {
                "instance": <div
                  class="list-group"
                >
                  <button
                    class="btn btn-primary"
                    type="button"
                  >
                    Clear Dashboard
                  </button>
                </div>,
                "key": undefined,
                "nodeType": "host",
                "props": Object {
                  "children": Array [
                    Array [],
                    <button
                      className="btn btn-primary"
                      onClick={[Function]}
                      type="button"
                    >
                      Clear Dashboard
                    </button>,
                  ],
                  "className": "list-group",
                },
                "ref": null,
                "rendered": Array [
                  null,
                  Object {
                    "instance": <button
                      class="btn btn-primary"
                      type="button"
                    >
                      Clear Dashboard
                    </button>,
                    "key": "clear-dashboard",
                    "nodeType": "host",
                    "props": Object {
                      "children": "Clear Dashboard",
                      "className": "btn btn-primary",
                      "onClick": [Function],
                      "type": "button",
                    },
                    "ref": null,
                    "rendered": Array [
                      "Clear Dashboard",
                    ],
                    "type": "button",
                  },
                ],
                "type": "div",
              },
            ],
            "type": "div",
          },
        ],
        "type": "div",
      },
      Object {
        "instance": <div
          class="col bg-light card"
        >
          <div
            class="card-body"
          >
            <h4
              class="card-title"
            >
              No data yet...
            </h4>
          </div>
        </div>,
        "key": undefined,
        "nodeType": "host",
        "props": Object {
          "children": <div
            className="card-body"
          >
            <h4
              className="card-title"
            >
              No data yet...
            </h4>
          </div>,
          "className": "col bg-light card",
        },
        "ref": null,
        "rendered": Array [
          Object {
            "instance": <div
              class="card-body"
            >
              <h4
                class="card-title"
              >
                No data yet...
              </h4>
            </div>,
            "key": undefined,
            "nodeType": "host",
            "props": Object {
              "children": Array [
                false,
                <h4
                  className="card-title"
                >
                  No data yet...
                </h4>,
              ],
              "className": "card-body",
            },
            "ref": null,
            "rendered": Array [
              Object {
                "instance": <h4
                  class="card-title"
                >
                  No data yet...
                </h4>,
                "key": undefined,
                "nodeType": "host",
                "props": Object {
                  "children": "No data yet...",
                  "className": "card-title",
                },
                "ref": null,
                "rendered": Array [
                  "No data yet...",
                ],
                "type": "h4",
              },
            ],
            "type": "div",
          },
        ],
        "type": "div",
      },
    ],
    "type": [Function],
  },
  Symbol(enzyme.__nodes__): Array [
    Object {
      "instance": null,
      "key": undefined,
      "nodeType": "function",
      "props": Object {},
      "ref": null,
      "rendered": Array [
        Object {
          "instance": <div
            class="col-2 bg-light card"
          >
            <div
              class="card-body"
            >
              <h5
                class="card-title"
              >
                Select File
              </h5>
              <h6
                class="card-subtitle mb-2 text-muted"
              >
                To show dataset on dashboard
              </h6>
              <div
                class="list-group"
              >
                <button
                  class="btn btn-primary"
                  type="button"
                >
                  Clear Dashboard
                </button>
              </div>
            </div>
          </div>,
          "key": undefined,
          "nodeType": "host",
          "props": Object {
            "children": <div
              className="card-body"
            >
              <h5
                className="card-title"
              >
                Select File
              </h5>
              <h6
                className="card-subtitle mb-2 text-muted"
              >
                To show dataset on dashboard
              </h6>
              <div
                className="list-group"
              >
                <button
                  className="btn btn-primary"
                  onClick={[Function]}
                  type="button"
                >
                  Clear Dashboard
                </button>
              </div>
            </div>,
            "className": "col-2 bg-light card",
          },
          "ref": null,
          "rendered": Array [
            Object {
              "instance": <div
                class="card-body"
              >
                <h5
                  class="card-title"
                >
                  Select File
                </h5>
                <h6
                  class="card-subtitle mb-2 text-muted"
                >
                  To show dataset on dashboard
                </h6>
                <div
                  class="list-group"
                >
                  <button
                    class="btn btn-primary"
                    type="button"
                  >
                    Clear Dashboard
                  </button>
                </div>
              </div>,
              "key": undefined,
              "nodeType": "host",
              "props": Object {
                "children": Array [
                  <h5
                    className="card-title"
                  >
                    Select File
                  </h5>,
                  <h6
                    className="card-subtitle mb-2 text-muted"
                  >
                    To show dataset on dashboard
                  </h6>,
                  <div
                    className="list-group"
                  >
                    <button
                      className="btn btn-primary"
                      onClick={[Function]}
                      type="button"
                    >
                      Clear Dashboard
                    </button>
                  </div>,
                ],
                "className": "card-body",
              },
              "ref": null,
              "rendered": Array [
                Object {
                  "instance": <h5
                    class="card-title"
                  >
                    Select File
                  </h5>,
                  "key": undefined,
                  "nodeType": "host",
                  "props": Object {
                    "children": "Select File",
                    "className": "card-title",
                  },
                  "ref": null,
                  "rendered": Array [
                    "Select File",
                  ],
                  "type": "h5",
                },
                Object {
                  "instance": <h6
                    class="card-subtitle mb-2 text-muted"
                  >
                    To show dataset on dashboard
                  </h6>,
                  "key": undefined,
                  "nodeType": "host",
                  "props": Object {
                    "children": "To show dataset on dashboard",
                    "className": "card-subtitle mb-2 text-muted",
                  },
                  "ref": null,
                  "rendered": Array [
                    "To show dataset on dashboard",
                  ],
                  "type": "h6",
                },
                Object {
                  "instance": <div
                    class="list-group"
                  >
                    <button
                      class="btn btn-primary"
                      type="button"
                    >
                      Clear Dashboard
                    </button>
                  </div>,
                  "key": undefined,
                  "nodeType": "host",
                  "props": Object {
                    "children": Array [
                      Array [],
                      <button
                        className="btn btn-primary"
                        onClick={[Function]}
                        type="button"
                      >
                        Clear Dashboard
                      </button>,
                    ],
                    "className": "list-group",
                  },
                  "ref": null,
                  "rendered": Array [
                    null,
                    Object {
                      "instance": <button
                        class="btn btn-primary"
                        type="button"
                      >
                        Clear Dashboard
                      </button>,
                      "key": "clear-dashboard",
                      "nodeType": "host",
                      "props": Object {
                        "children": "Clear Dashboard",
                        "className": "btn btn-primary",
                        "onClick": [Function],
                        "type": "button",
                      },
                      "ref": null,
                      "rendered": Array [
                        "Clear Dashboard",
                      ],
                      "type": "button",
                    },
                  ],
                  "type": "div",
                },
              ],
              "type": "div",
            },
          ],
          "type": "div",
        },
        Object {
          "instance": <div
            class="col bg-light card"
          >
            <div
              class="card-body"
            >
              <h4
                class="card-title"
              >
                No data yet...
              </h4>
            </div>
          </div>,
          "key": undefined,
          "nodeType": "host",
          "props": Object {
            "children": <div
              className="card-body"
            >
              <h4
                className="card-title"
              >
                No data yet...
              </h4>
            </div>,
            "className": "col bg-light card",
          },
          "ref": null,
          "rendered": Array [
            Object {
              "instance": <div
                class="card-body"
              >
                <h4
                  class="card-title"
                >
                  No data yet...
                </h4>
              </div>,
              "key": undefined,
              "nodeType": "host",
              "props": Object {
                "children": Array [
                  false,
                  <h4
                    className="card-title"
                  >
                    No data yet...
                  </h4>,
                ],
                "className": "card-body",
              },
              "ref": null,
              "rendered": Array [
                Object {
                  "instance": <h4
                    class="card-title"
                  >
                    No data yet...
                  </h4>,
                  "key": undefined,
                  "nodeType": "host",
                  "props": Object {
                    "children": "No data yet...",
                    "className": "card-title",
                  },
                  "ref": null,
                  "rendered": Array [
                    "No data yet...",
                  ],
                  "type": "h4",
                },
              ],
              "type": "div",
            },
          ],
          "type": "div",
        },
      ],
      "type": [Function],
    },
  ],
  Symbol(enzyme.__options__): Object {
    "adapter": ReactSixteenAdapter {
      "options": Object {
        "enableComponentDidUpdateOnSetState": true,
        "legacyContextMode": "parent",
        "lifecycles": Object {
          "componentDidUpdate": Object {
            "onSetState": true,
          },
          "getChildContext": Object {
            "calledByRenderer": false,
          },
          "getDerivedStateFromError": true,
          "getDerivedStateFromProps": Object {
            "hasShouldComponentUpdateBug": false,
          },
          "getSnapshotBeforeUpdate": true,
          "setState": Object {
            "skipsComponentDidUpdateOnNullish": true,
          },
        },
      },
    },
  },
  Symbol(enzyme.__linkedRoots__): Array [],
  Symbol(enzyme.__unrendered__): <Dashboard />,
  Symbol(enzyme.__updatedBy__): null,
}
`;

exports[`Dashboard renders with snapshot 1`] = `
Array [
  <div
    className="col-2 bg-light card"
  >
    <div
      className="card-body"
    >
      <h5
        className="card-title"
      >
        Select File
      </h5>
      <h6
        className="card-subtitle mb-2 text-muted"
      >
        To show dataset on dashboard
      </h6>
      <div
        className="list-group"
      >
        <button
          className="btn btn-primary"
          onClick={[Function]}
          type="button"
        >
          Clear Dashboard
        </button>
      </div>
    </div>
  </div>,
  <div
    className="col bg-light card"
  >
    <div
      className="card-body"
    >
      <h4
        className="card-title"
      >
        No data yet...
      </h4>
    </div>
  </div>,
]
`;
