// Jest Snapshot v1, https://goo.gl/fbAQLP

exports[`Dashboard renders with snapshot 1`] = `
Array [
  <div
    className="col-3 bg-violet card"
  >
    <div
      className="card-body"
    >
      <div
        className="list-group"
      >
        <button
          className="btn btn-success"
          disabled={false}
          onClick={[Function]}
          style={
            Object {
              "backgroundColor": "#1e1f45",
              "transition": "box-shadow 5s",
            }
          }
          type="button"
        >
          <h3>
            Choose Dataset
          </h3>
        </button>
      </div>
      <br />
    </div>
  </div>,
  <div
    className="col bg-light card"
  >
    <div
      className="card-body"
      style={
        Object {
          "paddingLeft": "4%",
        }
      }
    >
      <h4
        className="card-title"
        style={
          Object {
            "color": "white",
          }
        }
      >
        No data yet...
      </h4>
    </div>
  </div>,
]
`;
